Microchip MPLAB XC8 Compiler V2.35

Linker command line:

-W-3 --edf=/Applications/microchip/xc8/v2.35/pic/dat/en_msgs.txt -cn \
  -h+dist/default/production/PIC18F45K50_SPI.X.production.sym \
  --cmf=dist/default/production/PIC18F45K50_SPI.X.production.cmf -z \
  -Q18F45K50 -o/tmp/xcC43lKWN --defsym=__MPLAB_BUILD=1 \
  -Mdist/default/production/PIC18F45K50_SPI.X.production.map \
  --md=/tmp/xccCvlN8c.dat -E1 -ver=XC8 Compiler --acfsm=1493 \
  -ACODE=00h-07FFFh -ACONST=00h-07FFFh -ASMALLCONST=0800h-08FFhx120 \
  -AMEDIUMCONST=0800h-07FFFh -ACOMRAM=01h-05Fh -AABS1=00h-07FFh \
  -ABIGRAM=01h-07FFh -ARAM=060h-0FFh,0100h-01FFhx7 -ABANK0=060h-0FFh \
  -ABANK1=0100h-01FFh -ABANK2=0200h-02FFh -ABANK3=0300h-03FFh \
  -ABANK4=0400h-04FFh -ABANK5=0500h-05FFh -ABANK6=0600h-06FFh \
  -ABANK7=0700h-07FFh -ASFR=0F53h-0F5Fh,0F60h-0FFFh -ABIGSFR=0F53h-0FFFh \
  -ACONFIG=0300000h-030000Dh -AIDLOC=0200000h-0200007h \
  -AEEDATA=0F00000h-0F000FFh -peeprom_data=EEDATA \
  -preset_vec=00h,intcode=08h,intcodelo,powerup,init -pramtop=0800h \
  -psmallconst=SMALLCONST -pmediumconst=MEDIUMCONST -pconst=CONST \
  -AFARRAM=00h-00h \
  -prdata=COMRAM,nvrram=COMRAM,nvbit=COMRAM,rbss=COMRAM,rbit=COMRAM \
  -pfarbss=FARRAM,fardata=FARRAM,nvFARRAM=FARRAM \
  -pintsave_regs=BIGRAM,bigbss=BIGRAM,bigdata=BIGRAM -pbss=RAM \
  -pidata=CODE,irdata=CODE,ibigdata=CODE,ifardata=CODE -prparam=COMRAM \
  /tmp/xcRw8I4yL.o dist/default/production/PIC18F45K50_SPI.X.production.o 

Object code version is 3.11

Machine type is 18F45K50



                Name                               Link     Load   Length Selector   Space Scale
/tmp/xcRw8I4yL.o
                idloc                            200000   200000        8        0       5
                config                           300000   300000        E        0       4
                init                                 8C       8C        4        4       0
                reset_vec                             0        0        4        0       0
dist/default/production/PIC18F45K50_SPI.X.production.o
                intcode                               8        8       84        4       0
                idloc                            200000   200000        8        0       5
                config                           300000   300000        E        0       4
                temp                                 54       54        1        1       1
                smallconst                          800      800       F8      400       0
                text70                             3E36     3E36      110      47C       0
                text69                             4154     4154      104      47C       0
                text68                             455C     455C       F0      47C       0
                text67                             3A9A     3A9A      142      47C       0
                text66                             5002     5002       74      47C       0
                text65                             4D2A     4D2A       AC      47C       0
                text64                             53B4     53B4       4C      47C       0
                text63                             3BDC     3BDC      13E      47C       0
                text62                             50E0     50E0       64      47C       0
                text61                             435A     435A      102      47C       0
                text60                             4F06     4F06       88      47C       0
                text59                             2198     2198      354      47C       0
                text58                             341A     341A      160      47C       0
                text57                             4258     4258      102      47C       0
                text56                             3144     3144      176      47C       0
                text55                             464C     464C       E6      47C       0
                text54                             3D1A     3D1A      11C      47C       0
                text53                             4BD0     4BD0       AE      47C       0
                text52                             3958     3958      142      47C       0
                text51                             4E76     4E76       90      47C       0
                text50                             5364     5364       50      47C       0
                text49                             4A66     4A66       B8      47C       0
                text48                             564A     564A       36      47C       0
                text47                             5144     5144       60      47C       0
                text46                             5680     5680       2E      47C       0
                text45                             555A     555A       40      47C       0
                text44                             36CA     36CA      14C      47C       0
                text43                             2822     2822      228      47C       0
                text41                             3816     3816      142      47C       0
                text40                             2E18     2E18      1B4      47C       0
                text39                             52BA     52BA       58      47C       0
                text38                             5714     5714        4      47C       0
                text37                             56AE     56AE       20      47C       0
                text36                             551A     551A       40      47C       0
                text35                             56FA     56FA       12      47C       0
                text34                             54D8     54D8       42      47C       0
                text33                             2FCC     2FCC      178      47C       0
                text32                             357A     357A      150      47C       0
                text31                             56CE     56CE       1A      47C       0
                text30                             2C60     2C60      1B8      47C       0
                text29                             4F8E     4F8E       74      47C       0
                text28                             4DD6     4DD6       A0      47C       0
                text27                             570C     570C        8      47C       0
                text26                             559A     559A       3C      47C       0
                text25                             49A0     49A0       C6      47C       0
                text24                             4B1E     4B1E       B2      47C       0
                text23                             1DFC     1DFC      39C      47C       0
                text22                             4C7E     4C7E       AC      47C       0
                text21                             404E     404E      106      47C       0
                text20                             19D0     19D0      42C      47C       0
                text19                             5610     5610       3A      47C       0
                text18                             150E     150E      4C2      47C       0
                text17                             5490     5490       48      47C       0
                text16                             3F46     3F46      108      47C       0
                text15                             445C     445C      100      47C       0
                text14                             2A4A     2A4A      216      47C       0
                text13                             5718     5718        2      47C       0
                text12                             480A     480A       CC      47C       0
                text11                             5448     5448       48      47C       0
                text10                             5312     5312       52      47C       0
                text9                              48D6     48D6       CA      47C       0
                text8                              5202     5202       5E      47C       0
                text7                              55D6     55D6       3A      47C       0
                text6                              5400     5400       48      47C       0
                text5                               8F8      8F8      C16      47C       0
                text4                              4732     4732       D8      47C       0
                text3                              24EC     24EC      336      47C       0
                text2                              5076     5076       6A      47C       0
                text1                              5260     5260       5A      47C       0
                text0                              32BA     32BA      160      47C       0
                cstackCOMRAM                         2B       2B       29        1       1
                cstackBANK0                          60       60       8F       60       1
                cstackBANK1                         1E4      1E4        D      100       1
                cstackBANK2                         240      240       1C      200       1
                bssBANK2                            200      200       40      200       1
                dataBANK1                           1D2      1D2       12      100       1
                bssBANK1                            100      100       D2      100       1
                bssBANK0                             EF       EF        C       60       1
                bssCOMRAM                             1        1       2A        1       1
                cinit                              51A4     51A4       5E      47C       0
                idataBANK1                         56E8     56E8       12      47C       0

TOTAL           Name                               Link     Load   Length     Space
        CLASS   CODE           
                intcode                               8        8       84         0
                init                                 8C       8C        4         0
                reset_vec                             0        0        4         0
                text70                             3E36     3E36      110         0
                text69                             4154     4154      104         0
                text68                             455C     455C       F0         0
                text67                             3A9A     3A9A      142         0
                text66                             5002     5002       74         0
                text65                             4D2A     4D2A       AC         0
                text64                             53B4     53B4       4C         0
                text63                             3BDC     3BDC      13E         0
                text62                             50E0     50E0       64         0
                text61                             435A     435A      102         0
                text60                             4F06     4F06       88         0
                text59                             2198     2198      354         0
                text58                             341A     341A      160         0
                text57                             4258     4258      102         0
                text56                             3144     3144      176         0
                text55                             464C     464C       E6         0
                text54                             3D1A     3D1A      11C         0
                text53                             4BD0     4BD0       AE         0
                text52                             3958     3958      142         0
                text51                             4E76     4E76       90         0
                text50                             5364     5364       50         0
                text49                             4A66     4A66       B8         0
                text48                             564A     564A       36         0
                text47                             5144     5144       60         0
                text46                             5680     5680       2E         0
                text45                             555A     555A       40         0
                text44                             36CA     36CA      14C         0
                text43                             2822     2822      228         0
                text41                             3816     3816      142         0
                text40                             2E18     2E18      1B4         0
                text39                             52BA     52BA       58         0
                text38                             5714     5714        4         0
                text37                             56AE     56AE       20         0
                text36                             551A     551A       40         0
                text35                             56FA     56FA       12         0
                text34                             54D8     54D8       42         0
                text33                             2FCC     2FCC      178         0
                text32                             357A     357A      150         0
                text31                             56CE     56CE       1A         0
                text30                             2C60     2C60      1B8         0
                text29                             4F8E     4F8E       74         0
                text28                             4DD6     4DD6       A0         0
                text27                             570C     570C        8         0
                text26                             559A     559A       3C         0
                text25                             49A0     49A0       C6         0
                text24                             4B1E     4B1E       B2         0
                text23                             1DFC     1DFC      39C         0
                text22                             4C7E     4C7E       AC         0
                text21                             404E     404E      106         0
                text20                             19D0     19D0      42C         0
                text19                             5610     5610       3A         0
                text18                             150E     150E      4C2         0
                text17                             5490     5490       48         0
                text16                             3F46     3F46      108         0
                text15                             445C     445C      100         0
                text14                             2A4A     2A4A      216         0
                text13                             5718     5718        2         0
                text12                             480A     480A       CC         0
                text11                             5448     5448       48         0
                text10                             5312     5312       52         0
                text9                              48D6     48D6       CA         0
                text8                              5202     5202       5E         0
                text7                              55D6     55D6       3A         0
                text6                              5400     5400       48         0
                text5                               8F8      8F8      C16         0
                text4                              4732     4732       D8         0
                text3                              24EC     24EC      336         0
                text2                              5076     5076       6A         0
                text1                              5260     5260       5A         0
                text0                              32BA     32BA      160         0
                cinit                              51A4     51A4       5E         0
                idataBANK1                         56E8     56E8       12         0

        CLASS   CONST          

        CLASS   SMALLCONST     
                smallconst                          800      800       F8         0

        CLASS   MEDIUMCONST    

        CLASS   COMRAM         
                temp                                 54       54        1         1
                cstackCOMRAM                         2B       2B       29         1
                bssCOMRAM                             1        1       2A         1

        CLASS   ABS1           
                abs_s1                              400      400       40         1
                abs_s1                              500      500       80         1

        CLASS   BIGRAM         

        CLASS   RAM            

        CLASS   BANK0          
                cstackBANK0                          60       60       8F         1
                bssBANK0                             EF       EF        C         1

        CLASS   BANK1          
                cstackBANK1                         1E4      1E4        D         1
                dataBANK1                           1D2      1D2       12         1
                bssBANK1                            100      100       D2         1

        CLASS   BANK2          
                cstackBANK2                         240      240       1C         1
                bssBANK2                            200      200       40         1

        CLASS   BANK3          

        CLASS   BANK4          

        CLASS   BANK5          

        CLASS   BANK6          

        CLASS   BANK7          

        CLASS   SFR            

        CLASS   BIGSFR         

        CLASS   CONFIG         
                config                           300000   300000        E         4

        CLASS   IDLOC          
                idloc                            200000   200000        8         5

        CLASS   EEDATA         

        CLASS   FARRAM         

        CLASS   HEAP           

        CLASS   STACK          



SEGMENTS        Name                           Load    Length   Top    Selector   Space  Class

                bssBANK1                       000100  0000F1  0001F1       100       1  BANK1   
                bssBANK2                       000200  00005C  00025C       200       1  BANK2   
                cstackBANK0                    000060  00009B  0000FB        60       1  BANK0   
                text5                          0008F8  004E22  00571A       47C       0  CODE    
                reset_vec                      000000  000004  000004         0       0  CODE    
                intcode                        000008  000088  000090         4       0  CODE    
                smallconst                     000800  0000F8  0008F8       400       0  SMALLCON
                bssCOMRAM                      000001  000054  000055         1       1  COMRAM  


UNUSED ADDRESS RANGES

        Name                Unused          Largest block    Delta
        BANK0            0000FB-0000FF                5
        BANK1            0001F1-0001FF                F
        BANK2            00025C-0002FF               A4
        BANK3            000300-0003FF              100
        BANK4            000440-0004FF               C0
        BANK5            000580-0005FF               80
        BANK6            000600-0006FF              100
        BANK7            000700-0007FF              100
        BIGRAM           000055-00005F                B
                         0000FB-0000FF                5
                         0001F1-0001FF                F
                         00025C-0003FF              1A4
                         000440-0004FF               C0
                         000580-0007FF              280
        BIGSFR           000F53-000FFF               AD
        CODE             000004-000007                4
                         000090-0007FF              770
                         00571A-007FFF             28E6
        COMRAM           000055-00005F                B
        CONST            000004-000007                4
                         000090-0007FF              770
                         00571A-007FFF             28E6
        EEDATA           F00000-F000FF              100
        MEDIUMCONST      00571A-007FFF             28E6
        RAM              0000FB-0000FF                5
                         0001F1-0001FF                F
                         00025C-0003FF               A4
                         000440-0004FF               C0
                         000580-0007FF              100
        SFR              000F53-000FFF                D
        SMALLCONST       00571A-007FFF              100

                                  Symbol Table

?_USBTransferOnePacket                   cstackBANK0  000060
?___awdiv                                cstackBANK0  000060
?___awmod                                cstackBANK0  000060
?___fladd                                cstackBANK0  000060
?___fldiv                                cstackBANK0  000060
?___flmul                                cstackBANK0  000060
?___flneg                                cstackBANK0  000060
?___flsub                                cstackBANK0  000079
?___fltol                                cstackBANK0  000060
?___fpclassifyf                          cstackBANK0  000060
?___xxtofl                               cstackBANK0  000060
?_efgtoa                                 cstackBANK0  00008D
?_floorf                                 cstackBANK0  000079
?_isupper                                cstackBANK0  000060
?_pad                                    cstackBANK0  000070
?_sprintf                                cstackBANK0  0000E5
?_strlen                                 cstackBANK0  000060
?_strncmp                                cstackBANK0  000060
?_tolower                                cstackBANK0  000066
?_vfpfcnvrt                              cstackBANK0  0000CB
?_vfprintf                               cstackBANK0  0000DD
?i2_USBTransferOnePacket                 cstackCOMRAM 00002B
CDCTxService@byte_to_send                cstackBANK0  00006C
CDCTxService@i                           cstackBANK0  00006B
SPI1_ExchangeBlock@block                 cstackBANK0  000060
SPI1_ExchangeBlock@blockSize             cstackBANK0  000062
SPI1_ExchangeBlock@data                  cstackBANK0  000064
SPI1_Open@spi1UniqueConfiguration        cstackBANK0  000061
USBConfigureEndpoint@EPNum               cstackCOMRAM 000030
USBConfigureEndpoint@direction           cstackCOMRAM 00002B
USBConfigureEndpoint@handle              cstackCOMRAM 000031
USBCtrlTrfInHandler@lastDTS              cstackCOMRAM 00002C
USBCtrlTrfRxService@byteToRead           cstackCOMRAM 00002C
USBCtrlTrfRxService@i                    cstackCOMRAM 00002B
USBCtrlTrfTxService@byteToSend           cstackCOMRAM 00002B
USBDeviceInit@i                          cstackBANK0  00006C
USBDeviceTasks@i                         cstackCOMRAM 000049
USBEnableEndpoint@ep                     cstackCOMRAM 000036
USBEnableEndpoint@options                cstackCOMRAM 000033
USBEnableEndpoint@p                      cstackCOMRAM 000034
USBStdFeatureReqHandler@current_ep_data  cstackCOMRAM 000043
USBStdFeatureReqHandler@p                cstackCOMRAM 000044
USBStdFeatureReqHandler@pUEP             cstackCOMRAM 000041
USBStdGetStatusHandler@p                 cstackCOMRAM 00002D
USBStdSetCfgHandler@i                    cstackCOMRAM 00003F
USBTransferOnePacket@data                cstackBANK0  000061
USBTransferOnePacket@dir                 cstackBANK0  000060
USBTransferOnePacket@ep                  cstackBANK0  000068
USBTransferOnePacket@handle              cstackBANK0  000069
USBTransferOnePacket@len                 cstackBANK0  000063
USER_USB_CALLBACK_EVENT_HANDLER@event    cstackCOMRAM 000037
USER_USB_CALLBACK_EVENT_HANDLER@pdata    cstackCOMRAM 000039
USER_USB_CALLBACK_EVENT_HANDLER@size     cstackCOMRAM 00003B
_ACTCON                                  (abs)        000FB5
_ANSELA                                  (abs)        000F5B
_ANSELAbits                              (abs)        000F5B
_ANSELB                                  (abs)        000F5C
_ANSELC                                  (abs)        000F5D
_ANSELD                                  (abs)        000F5E
_ANSELE                                  (abs)        000F5F
_BDT                                     (abs)        000400
_BaudRateGen                             bssBANK1     00011C
_BothEP0OutUOWNsSet                      bssCOMRAM    000020
_CDCDataInHandle                         bssBANK1     00012C
_CDCDataOutHandle                        bssCOMRAM    000019
_CDCInitEP                               text62       0050E0
_CDCTxService                            text40       002E18
_CtrlTrfData                             (abs)        000438
_INTCON2bits                             (abs)        000FF1
_INTCONbits                              (abs)        000FF2
_INTERRUPT_Initialize                    text38       005714
_INTERRUPT_InterruptManager              intcode      000008
_IPR3bits                                (abs)        000FA5
_LATA                                    (abs)        000F89
_LATAbits                                (abs)        000F89
_LATB                                    (abs)        000F8A
_LATC                                    (abs)        000F8B
_LATD                                    (abs)        000F8C
_LATDbits                                (abs)        000F8C
_LATE                                    (abs)        000F8D
_MASTER0_open                            text27       00570C
_OSCCON                                  (abs)        000FD3
_OSCCON2                                 (abs)        000FD2
_OSCILLATOR_Initialize                   text37       0056AE
_OSCTUNE                                 (abs)        000F9B
_PIE3bits                                (abs)        000FA3
_PIN_MANAGER_Initialize                  text36       00551A
_PIR1bits                                (abs)        000F9E
_PIR3bits                                (abs)        000FA4
_PLLRDY                                  (abs)        007E97
_RCONbits                                (abs)        000FD0
_RemoteWakeup                            bssCOMRAM    000023
_SPI1_Close                              (abs)        000000
_SPI1_ExchangeBlock                      text39       0052BA
_SPI1_ExchangeByte                       (abs)        000000
_SPI1_Initialize                         text35       0056FA
_SPI1_Open                               text28       004DD6
_SPI1_ReadBlock                          (abs)        000000
_SPI1_ReadByte                           (abs)        000000
_SPI1_WriteBlock                         (abs)        000000
_SPI1_WriteByte                          (abs)        000000
_SSP1ADD                                 (abs)        000FC8
_SSP1BUF                                 (abs)        000FC9
_SSP1CON1                                (abs)        000FC6
_SSP1CON1bits                            (abs)        000FC6
_SSP1CON2                                (abs)        000FC5
_SSP1STAT                                (abs)        000FC7
_SYSTEM_Initialize                       text31       0056CE
_SetupPkt                                (abs)        000430
_TRISA                                   (abs)        000F92
_TRISAbits                               (abs)        000F92
_TRISB                                   (abs)        000F93
_TRISBbits                               (abs)        000F93
_TRISC                                   (abs)        000F94
_TRISD                                   (abs)        000F95
_TRISE                                   (abs)        000F96
_UADDR                                   (abs)        000F63
_UCFG                                    (abs)        000F62
_UCON                                    (abs)        000F60
_UCONbits                                (abs)        000F60
_UEIE                                    (abs)        000F66
_UEIR                                    (abs)        000F67
_UEP0                                    (abs)        000F6A
_UEP0bits                                (abs)        000F6A
_UEP1                                    (abs)        000F6B
_UIE                                     (abs)        000F64
_UIEbits                                 (abs)        000F64
_UIR                                     (abs)        000F65
_UIRbits                                 (abs)        000F65
_USB1msTickCount                         bssBANK1     000118
_USBActiveConfiguration                  bssCOMRAM    00002A
_USBAlternateInterface                   bssBANK1     0001D0
_USBBusIsSuspended                       bssCOMRAM    000022
_USBCheckCDCRequest                      text61       00435A
_USBCheckStdRequest                      text54       003D1A
_USBConfigureEndpoint                    text65       004D2A
_USBCtrlEPAllowDataStage                 text53       004BD0
_USBCtrlEPAllowStatusStage               text68       00455C
_USBCtrlEPService                        text49       004A66
_USBCtrlEPServiceComplete                text52       003958
_USBCtrlTrfInHandler                     text69       004154
_USBCtrlTrfOutHandler                    text66       005002
_USBCtrlTrfRxService                     text67       003A9A
_USBCtrlTrfSetupHandler                  text51       004E76
_USBCtrlTrfTxService                     text70       003E36
_USBDeferINDataStagePackets              bssCOMRAM    00001B
_USBDeferOUTDataStagePackets             bssBANK0     0000FA
_USBDeferStatusStagePacket               bssCOMRAM    00001E
_USBDeviceAttach                         text34       0054D8
_USBDeviceInit                           text32       00357A
_USBDeviceState                          bssCOMRAM    000026
_USBDeviceTasks                          text43       002822
_USBEnableEndpoint                       text64       0053B4
_USBIncrement1msInternalTimers           text48       00564A
_USBStallHandler                         text47       005144
_USBStatusStageEnabledFlag1              bssCOMRAM    00001D
_USBStatusStageEnabledFlag2              bssCOMRAM    00001C
_USBStatusStageTimeoutCounter            bssCOMRAM    00001F
_USBStdFeatureReqHandler                 text59       002198
_USBStdGetDscHandler                     text58       00341A
_USBStdGetStatusHandler                  text57       004258
_USBStdSetCfgHandler                     text55       00464C
_USBSuspend                              text46       005680
_USBTicksSinceSuspendEnd                 bssBANK0     0000F9
_USBTransferOnePacket                    text41       003816
_USBWakeFromSuspend                      text45       00555A
_USB_CD_Ptr                              smallconst   000823
_USB_SD_Ptr                              smallconst   00081D
_USER_USB_CALLBACK_EVENT_HANDLER         text60       004F06
_USTAT                                   (abs)        000F61
_USTATcopy                               bssCOMRAM    000029
_WPUB                                    (abs)        000F85
__HRAM                                   (abs)        000000
__Habs1                                  abs1         000000
__Hbank0                                 bank0        000000
__Hbank1                                 bank1        000000
__Hbank2                                 bank2        000000
__Hbank3                                 bank3        000000
__Hbank4                                 bank4        000000
__Hbank5                                 bank5        000000
__Hbank6                                 bank6        000000
__Hbank7                                 bank7        000000
__Hbigbss                                bigbss       000000
__Hbigdata                               bigdata      000000
__Hbigram                                bigram       000000
__Hbigsfr                                bigsfr       000000
__Hbss                                   bss          000000
__HbssBANK0                              bssBANK0     000000
__HbssBANK1                              bssBANK1     000000
__HbssBANK2                              bssBANK2     000000
__HbssCOMRAM                             bssCOMRAM    000000
__Hcinit                                 cinit        000000
__Hclrtext                               clrtext      000000
__Hcomram                                comram       000000
__Hconfig                                config       30000E
__Hconst                                 const        000000
__HcstackBANK0                           cstackBANK0  000000
__HcstackBANK1                           cstackBANK1  000000
__HcstackBANK2                           cstackBANK2  000000
__HcstackCOMRAM                          cstackCOMRAM 000000
__Hdata                                  data         000000
__HdataBANK1                             dataBANK1    000000
__Heeprom_data                           eeprom_data  000000
__Hfarbss                                farbss       000000
__Hfardata                               fardata      000000
__Hheap                                  heap         000000
__Hibigdata                              ibigdata     000000
__Hidata                                 idata        000000
__HidataBANK1                            idataBANK1   000000
__Hidloc                                 idloc        200008
__Hifardata                              ifardata     000000
__Hinit                                  init         000090
__Hintcode                               intcode      00008C
__Hintcode_body                          intcode_body 000000
__Hintcodelo                             intcodelo    00008C
__Hintentry                              intentry     000000
__Hintret                                intret       000000
__Hintsave_regs                          intsave_regs 000000
__Hirdata                                irdata       000000
__Hmediumconst                           mediumconst  000000
__HnvFARRAM                              nvFARRAM     000000
__Hnvbit                                 nvbit        000000
__Hnvrram                                nvrram       000000
__Hparam                                 rparam       000000
__Hpowerup                               powerup      00008C
__Hram                                   ram          000000
__Hramtop                                ramtop       000800
__Hrbit                                  rbit         000000
__Hrbss                                  rbss         000000
__Hrdata                                 rdata        000000
__Hreset_vec                             reset_vec    000004
__Hrparam                                rparam       000000
__Hsfr                                   sfr          000000
__Hsmallconst                            smallconst   0008F8
__Hspace_0                               (abs)        00571A
__Hspace_1                               (abs)        00025C
__Hspace_2                               (abs)        000000
__Hspace_4                               (abs)        60000E
__Hstack                                 stack        000000
__Hstruct                                struct       000000
__Htemp                                  temp         000055
__Htext                                  text         000000
__Htext0                                 text0        000000
__Htext1                                 text1        000000
__Htext10                                text10       000000
__Htext11                                text11       000000
__Htext12                                text12       000000
__Htext13                                text13       000000
__Htext14                                text14       000000
__Htext15                                text15       000000
__Htext16                                text16       000000
__Htext17                                text17       000000
__Htext18                                text18       000000
__Htext19                                text19       000000
__Htext2                                 text2        000000
__Htext20                                text20       000000
__Htext21                                text21       000000
__Htext22                                text22       000000
__Htext23                                text23       000000
__Htext24                                text24       000000
__Htext25                                text25       000000
__Htext26                                text26       000000
__Htext27                                text27       000000
__Htext28                                text28       000000
__Htext29                                text29       000000
__Htext3                                 text3        000000
__Htext30                                text30       000000
__Htext31                                text31       000000
__Htext32                                text32       000000
__Htext33                                text33       000000
__Htext34                                text34       000000
__Htext35                                text35       000000
__Htext36                                text36       000000
__Htext37                                text37       000000
__Htext38                                text38       000000
__Htext39                                text39       000000
__Htext4                                 text4        000000
__Htext40                                text40       000000
__Htext41                                text41       000000
__Htext43                                text43       000000
__Htext44                                text44       000000
__Htext45                                text45       000000
__Htext46                                text46       000000
__Htext47                                text47       000000
__Htext48                                text48       000000
__Htext49                                text49       000000
__Htext5                                 text5        000000
__Htext50                                text50       000000
__Htext51                                text51       000000
__Htext52                                text52       000000
__Htext53                                text53       000000
__Htext54                                text54       000000
__Htext55                                text55       000000
__Htext56                                text56       000000
__Htext57                                text57       000000
__Htext58                                text58       000000
__Htext59                                text59       000000
__Htext6                                 text6        000000
__Htext60                                text60       000000
__Htext61                                text61       000000
__Htext62                                text62       000000
__Htext63                                text63       000000
__Htext64                                text64       000000
__Htext65                                text65       000000
__Htext66                                text66       000000
__Htext67                                text67       000000
__Htext68                                text68       000000
__Htext69                                text69       000000
__Htext7                                 text7        000000
__Htext70                                text70       000000
__Htext71                                text71       000000
__Htext8                                 text8        000000
__Htext9                                 text9        000000
__LRAM                                   (abs)        000001
__Labs1                                  abs1         000000
__Lbank0                                 bank0        000000
__Lbank1                                 bank1        000000
__Lbank2                                 bank2        000000
__Lbank3                                 bank3        000000
__Lbank4                                 bank4        000000
__Lbank5                                 bank5        000000
__Lbank6                                 bank6        000000
__Lbank7                                 bank7        000000
__Lbigbss                                bigbss       000000
__Lbigdata                               bigdata      000000
__Lbigram                                bigram       000000
__Lbigsfr                                bigsfr       000000
__Lbss                                   bss          000000
__LbssBANK0                              bssBANK0     000000
__LbssBANK1                              bssBANK1     000000
__LbssBANK2                              bssBANK2     000000
__LbssCOMRAM                             bssCOMRAM    000000
__Lcinit                                 cinit        000000
__Lclrtext                               clrtext      000000
__Lcomram                                comram       000000
__Lconfig                                config       000000
__Lconst                                 const        000000
__LcstackBANK0                           cstackBANK0  000000
__LcstackBANK1                           cstackBANK1  000000
__LcstackBANK2                           cstackBANK2  000000
__LcstackCOMRAM                          cstackCOMRAM 000000
__Ldata                                  data         000000
__LdataBANK1                             dataBANK1    000000
__Leeprom_data                           eeprom_data  000000
__Lfarbss                                farbss       000000
__Lfardata                               fardata      000000
__Lheap                                  heap         000000
__Libigdata                              ibigdata     000000
__Lidata                                 idata        000000
__LidataBANK1                            idataBANK1   000000
__Lidloc                                 idloc        000000
__Lifardata                              ifardata     000000
__Linit                                  init         00008C
__Lintcode                               intcode      000008
__Lintcode_body                          intcode_body 000000
__Lintcodelo                             intcodelo    00008C
__Lintentry                              intentry     000000
__Lintret                                intret       000000
__Lintsave_regs                          intsave_regs 000000
__Lirdata                                irdata       000000
__Lmediumconst                           mediumconst  000000
__LnvFARRAM                              nvFARRAM     000000
__Lnvbit                                 nvbit        000000
__Lnvrram                                nvrram       000000
__Lparam                                 rparam       000000
__Lpowerup                               powerup      00008C
__Lram                                   ram          000000
__Lramtop                                ramtop       000800
__Lrbit                                  rbit         000000
__Lrbss                                  rbss         000000
__Lrdata                                 rdata        000000
__Lreset_vec                             reset_vec    000000
__Lrparam                                rparam       000000
__Lsfr                                   sfr          000000
__Lsmallconst                            smallconst   000800
__Lspace_0                               (abs)        000000
__Lspace_1                               (abs)        000000
__Lspace_2                               (abs)        000000
__Lspace_4                               (abs)        000000
__Lstack                                 stack        000000
__Lstruct                                struct       000000
__Ltemp                                  temp         000054
__Ltext                                  text         000000
__Ltext0                                 text0        000000
__Ltext1                                 text1        000000
__Ltext10                                text10       000000
__Ltext11                                text11       000000
__Ltext12                                text12       000000
__Ltext13                                text13       000000
__Ltext14                                text14       000000
__Ltext15                                text15       000000
__Ltext16                                text16       000000
__Ltext17                                text17       000000
__Ltext18                                text18       000000
__Ltext19                                text19       000000
__Ltext2                                 text2        000000
__Ltext20                                text20       000000
__Ltext21                                text21       000000
__Ltext22                                text22       000000
__Ltext23                                text23       000000
__Ltext24                                text24       000000
__Ltext25                                text25       000000
__Ltext26                                text26       000000
__Ltext27                                text27       000000
__Ltext28                                text28       000000
__Ltext29                                text29       000000
__Ltext3                                 text3        000000
__Ltext30                                text30       000000
__Ltext31                                text31       000000
__Ltext32                                text32       000000
__Ltext33                                text33       000000
__Ltext34                                text34       000000
__Ltext35                                text35       000000
__Ltext36                                text36       000000
__Ltext37                                text37       000000
__Ltext38                                text38       000000
__Ltext39                                text39       000000
__Ltext4                                 text4        000000
__Ltext40                                text40       000000
__Ltext41                                text41       000000
__Ltext43                                text43       000000
__Ltext44                                text44       000000
__Ltext45                                text45       000000
__Ltext46                                text46       000000
__Ltext47                                text47       000000
__Ltext48                                text48       000000
__Ltext49                                text49       000000
__Ltext5                                 text5        000000
__Ltext50                                text50       000000
__Ltext51                                text51       000000
__Ltext52                                text52       000000
__Ltext53                                text53       000000
__Ltext54                                text54       000000
__Ltext55                                text55       000000
__Ltext56                                text56       000000
__Ltext57                                text57       000000
__Ltext58                                text58       000000
__Ltext59                                text59       000000
__Ltext6                                 text6        000000
__Ltext60                                text60       000000
__Ltext61                                text61       000000
__Ltext62                                text62       000000
__Ltext63                                text63       000000
__Ltext64                                text64       000000
__Ltext65                                text65       000000
__Ltext66                                text66       000000
__Ltext67                                text67       000000
__Ltext68                                text68       000000
__Ltext69                                text69       000000
__Ltext7                                 text7        000000
__Ltext70                                text70       000000
__Ltext71                                text71       000000
__Ltext8                                 text8        000000
__Ltext9                                 text9        000000
__S0                                     (abs)        00571A
__S1                                     (abs)        00025C
__S4                                     (abs)        000000
__S5                                     (abs)        000000
___awdiv                                 text25       0049A0
___awdiv@counter                         cstackBANK0  000064
___awdiv@dividend                        cstackBANK0  000060
___awdiv@divisor                         cstackBANK0  000062
___awdiv@quotient                        cstackBANK0  000066
___awdiv@sign                            cstackBANK0  000065
___awmod                                 text24       004B1E
___awmod@counter                         cstackBANK0  000064
___awmod@dividend                        cstackBANK0  000060
___awmod@divisor                         cstackBANK0  000062
___awmod@sign                            cstackBANK0  000065
___fladd                                 text18       00150E
___fladd@a                               cstackBANK0  000064
___fladd@aexp                            cstackBANK0  00006D
___fladd@b                               cstackBANK0  000060
___fladd@bexp                            cstackBANK0  00006E
___fladd@grs                             cstackBANK0  00006F
___fladd@signs                           cstackBANK0  00006C
___fldiv                                 text23       001DFC
___fldiv@a                               cstackBANK0  000064
___fldiv@aexp                            cstackBANK0  000078
___fldiv@b                               cstackBANK0  000060
___fldiv@bexp                            cstackBANK0  000077
___fldiv@grs                             cstackBANK0  000073
___fldiv@new_exp                         cstackBANK0  000071
___fldiv@rem                             cstackBANK0  00006C
___fldiv@sign                            cstackBANK0  000070
___fleq                                  text22       004C7E
___fleq@ff1                              cstackBANK0  000060
___fleq@ff2                              cstackBANK0  000064
___flge                                  text21       00404E
___flge@ff1                              cstackBANK0  000079
___flge@ff2                              cstackBANK0  00007D
___flmul                                 text20       0019D0
___flmul@a                               cstackBANK0  000064
___flmul@aexp                            cstackBANK0  00006D
___flmul@b                               cstackBANK0  000060
___flmul@bexp                            cstackBANK0  000072
___flmul@grs                             cstackBANK0  00006E
___flmul@prod                            cstackBANK0  000073
___flmul@sign                            cstackBANK0  00006C
___flmul@temp                            cstackBANK0  000077
___flneg                                 text19       005610
___flneg@f1                              cstackBANK0  000060
___flsub                                 text17       005490
___flsub@a                               cstackBANK0  00007D
___flsub@b                               cstackBANK0  000079
___fltol                                 text16       003F46
___fltol@exp1                            cstackBANK0  000069
___fltol@f1                              cstackBANK0  000060
___fltol@sign1                           cstackBANK0  000068
___fpclassifyf                           text15       00445C
___fpclassifyf@F465                      bssBANK1     000114
___fpclassifyf@e                         cstackBANK0  000068
___fpclassifyf@u                         cstackBANK0  00006A
___fpclassifyf@x                         cstackBANK0  000060
___heap_hi                               (abs)        000000
___heap_lo                               (abs)        000000
___inthi_sp                              stack        000000
___intlo_sp                              stack        000000
___param_bank                            (abs)        000000
___rparam_used                           (abs)        000001
___sp                                    stack        000000
___xxtofl                                text30       002C60
___xxtofl@arg                            cstackBANK0  00006A
___xxtofl@exp                            cstackBANK0  000069
___xxtofl@sign                           cstackBANK0  000068
___xxtofl@val                            cstackBANK0  000060
__accesstop                              (abs)        000060
__activetblptr                           (abs)        000002
__end_of_CDCInitEP                       text62       005144
__end_of_CDCTxService                    text40       002FCC
__end_of_INTERRUPT_Initialize            text38       005718
__end_of_INTERRUPT_InterruptManager      intcode      00008C
__end_of_MASTER0_open                    text27       005714
__end_of_OSCILLATOR_Initialize           text37       0056CE
__end_of_PIN_MANAGER_Initialize          text36       00555A
__end_of_SPI1_ExchangeBlock              text39       005312
__end_of_SPI1_Initialize                 text35       00570C
__end_of_SPI1_Open                       text28       004E76
__end_of_SYSTEM_Initialize               text31       0056E8
__end_of_USBCheckCDCRequest              text61       00445C
__end_of_USBCheckStdRequest              text54       003E36
__end_of_USBConfigureEndpoint            text65       004DD6
__end_of_USBCtrlEPAllowDataStage         text53       004C7E
__end_of_USBCtrlEPAllowStatusStage       text68       00464C
__end_of_USBCtrlEPService                text49       004B1E
__end_of_USBCtrlEPServiceComplete        text52       003A9A
__end_of_USBCtrlTrfInHandler             text69       004258
__end_of_USBCtrlTrfOutHandler            text66       005076
__end_of_USBCtrlTrfRxService             text67       003BDC
__end_of_USBCtrlTrfSetupHandler          text51       004F06
__end_of_USBCtrlTrfTxService             text70       003F46
__end_of_USBDeviceAttach                 text34       00551A
__end_of_USBDeviceInit                   text32       0036CA
__end_of_USBDeviceTasks                  text43       002A4A
__end_of_USBEnableEndpoint               text64       005400
__end_of_USBIncrement1msInternalTimers   text48       005680
__end_of_USBStallHandler                 text47       0051A4
__end_of_USBStdFeatureReqHandler         text59       0024EC
__end_of_USBStdGetDscHandler             text58       00357A
__end_of_USBStdGetStatusHandler          text57       00435A
__end_of_USBStdSetCfgHandler             text55       004732
__end_of_USBSuspend                      text46       0056AE
__end_of_USBTransferOnePacket            text41       003958
__end_of_USBWakeFromSuspend              text45       00559A
__end_of_USB_CD_Ptr                      smallconst   000825
__end_of_USB_SD_Ptr                      smallconst   000823
__end_of_USER_USB_CALLBACK_EVENT_HANDLER text60       004F8E
__end_of___awdiv                         text25       004A66
__end_of___awmod                         text24       004BD0
__end_of___fladd                         text18       0019D0
__end_of___fldiv                         text23       002198
__end_of___fleq                          text22       004D2A
__end_of___flge                          text21       004154
__end_of___flmul                         text20       001DFC
__end_of___flneg                         text19       00564A
__end_of___flsub                         text17       0054D8
__end_of___fltol                         text16       00404E
__end_of___fpclassifyf                   text15       00455C
__end_of___xxtofl                        text30       002E18
__end_of__initialization                 cinit        0051F4
__end_of_configDescriptor1               smallconst   000868
__end_of_device_dsc                      smallconst   0008C8
__end_of_efgtoa                          text5        00150E
__end_of_floorf                          text14       002C60
__end_of_fputc                           text12       0048D6
__end_of_fputs                           text11       005490
__end_of_isupper                         text7        005610
__end_of_main                            text0        00341A
__end_of_memcpy                          text50       0053B4
__end_of_memset                          text33       003144
__end_of_pad                             text9        0049A0
__end_of_putch                           text13       00571A
__end_of_putsUSBUSART                    text29       005002
__end_of_sd000                           smallconst   0008CC
__end_of_sd001                           smallconst   00089C
__end_of_sd002                           smallconst   0008B6
__end_of_spi1_configuration              smallconst   00081D
__end_of_spiMaster                       smallconst   000815
__end_of_spi_master_open                 text26       0055D6
__end_of_sprintf                         text1        0052BA
__end_of_strcpy                          text8        005260
__end_of_strlen                          text10       005364
__end_of_strncmp                         text4        00480A
__end_of_tolower                         text6        005448
__end_of_vfpfcnvrt                       text3        002822
__end_of_vfprintf                        text2        0050E0
__end_ofi2_USBDeviceInit                 text44       003816
__end_ofi2_USBTransferOnePacket          text63       003D1A
__end_ofi2_memset                        text56       0032BA
__initialization                         cinit        0051A4
__mediumconst                            mediumconst  000000
__pbssBANK0                              bssBANK0     0000EF
__pbssBANK1                              bssBANK1     000100
__pbssBANK2                              bssBANK2     000200
__pbssCOMRAM                             bssCOMRAM    000001
__pcinit                                 cinit        0051A4
__pcstackBANK0                           cstackBANK0  000060
__pcstackBANK1                           cstackBANK1  0001E4
__pcstackBANK2                           cstackBANK2  000240
__pcstackCOMRAM                          cstackCOMRAM 00002B
__pdataBANK1                             dataBANK1    0001D2
__pidataBANK1                            idataBANK1   0056E8
__pintcode                               intcode      000008
__psmallconst                            smallconst   000800
__ptext0                                 text0        0032BA
__ptext1                                 text1        005260
__ptext10                                text10       005312
__ptext11                                text11       005448
__ptext12                                text12       00480A
__ptext13                                text13       005718
__ptext14                                text14       002A4A
__ptext15                                text15       00445C
__ptext16                                text16       003F46
__ptext17                                text17       005490
__ptext18                                text18       00150E
__ptext19                                text19       005610
__ptext2                                 text2        005076
__ptext20                                text20       0019D0
__ptext21                                text21       00404E
__ptext22                                text22       004C7E
__ptext23                                text23       001DFC
__ptext24                                text24       004B1E
__ptext25                                text25       0049A0
__ptext26                                text26       00559A
__ptext27                                text27       00570C
__ptext28                                text28       004DD6
__ptext29                                text29       004F8E
__ptext3                                 text3        0024EC
__ptext30                                text30       002C60
__ptext31                                text31       0056CE
__ptext32                                text32       00357A
__ptext33                                text33       002FCC
__ptext34                                text34       0054D8
__ptext35                                text35       0056FA
__ptext36                                text36       00551A
__ptext37                                text37       0056AE
__ptext38                                text38       005714
__ptext39                                text39       0052BA
__ptext4                                 text4        004732
__ptext40                                text40       002E18
__ptext41                                text41       003816
__ptext43                                text43       002822
__ptext44                                text44       0036CA
__ptext45                                text45       00555A
__ptext46                                text46       005680
__ptext47                                text47       005144
__ptext48                                text48       00564A
__ptext49                                text49       004A66
__ptext5                                 text5        0008F8
__ptext50                                text50       005364
__ptext51                                text51       004E76
__ptext52                                text52       003958
__ptext53                                text53       004BD0
__ptext54                                text54       003D1A
__ptext55                                text55       00464C
__ptext56                                text56       003144
__ptext57                                text57       004258
__ptext58                                text58       00341A
__ptext59                                text59       002198
__ptext6                                 text6        005400
__ptext60                                text60       004F06
__ptext61                                text61       00435A
__ptext62                                text62       0050E0
__ptext63                                text63       003BDC
__ptext64                                text64       0053B4
__ptext65                                text65       004D2A
__ptext66                                text66       005002
__ptext67                                text67       003A9A
__ptext68                                text68       00455C
__ptext69                                text69       004154
__ptext7                                 text7        0055D6
__ptext70                                text70       003E36
__ptext71                                text71       000000
__ptext8                                 text8        005202
__ptext9                                 text9        0048D6
__ramtop                                 ramtop       000800
__smallconst                             smallconst   000800
_buffer                                  dataBANK1    0001D2
_cdc_data_rx                             (abs)        000540
_cdc_data_tx                             (abs)        000500
_cdc_mem_type                            bssBANK1     00012F
_cdc_notice                              bssBANK1     000100
_cdc_rx_len                              bssCOMRAM    000028
_cdc_trf_state                           bssBANK1     000130
_cdc_tx_len                              bssCOMRAM    000027
_configDescriptor1                       smallconst   000825
_controlTransferState                    bssCOMRAM    000024
_control_signal_bitmap                   bssBANK1     00012E
_dbuf                                    bssBANK1     000131
_device_dsc                              smallconst   0008B6
_dummy_encapsulated_cmd_response         bssBANK1     0001C1
_efgtoa                                  text5        0008F8
_efgtoa$3614                             cstackBANK0  000099
_efgtoa$3622                             cstackBANK0  00009B
_efgtoa$3623                             cstackBANK0  00009D
_endpoint_number                         bssCOMRAM    000021
_ep_data_in                              bssBANK0     0000F2
_ep_data_out                             bssBANK0     0000EF
_flags                                   bssBANK0     0000F7
_floorf                                  text14       002A4A
_fputc                                   text12       00480A
_fputs                                   text11       005448
_inPipes                                 bssCOMRAM    00000F
_isupper                                 text7        0055D6
_line_coding                             bssBANK1     0001C9
_main                                    text0        0032BA
_main$4058                               cstackBANK2  000254
_memcpy                                  text50       005364
_memset                                  text33       002FCC
_nout                                    bssBANK1     000126
_outPipes                                bssCOMRAM    000001
_pBDTEntryEP0OutCurrent                  bssCOMRAM    000017
_pBDTEntryEP0OutNext                     bssCOMRAM    000015
_pBDTEntryIn                             bssCOMRAM    000009
_pBDTEntryOut                            bssBANK1     00010A
_pCDCDst                                 bssBANK1     000120
_pCDCSrc                                 bssBANK1     000123
_pDst                                    bssBANK1     00012A
_pad                                     text9        0048D6
_prec                                    bssBANK0     0000F5
_putch                                   text13       005718
_putsUSBUSART                            text29       004F8E
_readBuffer                              bssBANK1     000181
_sd000                                   smallconst   0008C8
_sd001                                   smallconst   000868
_sd002                                   smallconst   00089C
_shortPacketStatus                       bssCOMRAM    000025
_spi1_configuration                      smallconst   000815
_spiMaster                               smallconst   000801
_spi_master_open                         text26       00559A
_sprintf                                 text1        005260
_strcpy                                  text8        005202
_strlen                                  text10       005312
_strncmp                                 text4        004732
_tolower                                 text6        005400
_vfpfcnvrt                               text3        0024EC
_vfprintf                                text2        005076
_width                                   bssBANK1     000128
_writeBuffer                             bssBANK2     000200
btemp                                    temp         000054
efgtoa@c                                 cstackBANK0  000093
efgtoa@d                                 cstackBANK0  0000AB
efgtoa@e                                 cstackBANK0  0000C3
efgtoa@f                                 cstackBANK0  00008F
efgtoa@fp                                cstackBANK0  00008D
efgtoa@g                                 cstackBANK0  0000BF
efgtoa@h                                 cstackBANK0  0000B5
efgtoa@i                                 cstackBANK0  0000BD
efgtoa@l                                 cstackBANK0  0000B9
efgtoa@m                                 cstackBANK0  0000A5
efgtoa@mode                              cstackBANK0  0000B4
efgtoa@n                                 cstackBANK0  0000C5
efgtoa@ne                                cstackBANK0  0000A3
efgtoa@nmode                             cstackBANK0  0000B3
efgtoa@ou                                cstackBANK0  0000A7
efgtoa@p                                 cstackBANK0  0000AF
efgtoa@pp                                cstackBANK0  0000A1
efgtoa@sign                              cstackBANK0  0000AD
efgtoa@t                                 cstackBANK0  00009F
efgtoa@u                                 cstackBANK0  0000C7
efgtoa@w                                 cstackBANK0  0000B1
end_of_initialization                    cinit        0051F4
floorf@F526                              bssBANK1     000110
floorf@e                                 cstackBANK0  000087
floorf@m                                 cstackBANK0  000083
floorf@u                                 cstackBANK0  000089
floorf@x                                 cstackBANK0  000079
fputc@c                                  cstackBANK0  000060
fputc@fp                                 cstackBANK0  000062
fputs@c                                  cstackBANK0  00006D
fputs@fp                                 cstackBANK0  00006B
fputs@i                                  cstackBANK0  00006E
fputs@s                                  cstackBANK0  000069
i2USBDeviceInit@i                        cstackCOMRAM 000037
i2USBTransferOnePacket@data              cstackCOMRAM 00002C
i2USBTransferOnePacket@dir               cstackCOMRAM 00002B
i2USBTransferOnePacket@ep                cstackCOMRAM 000033
i2USBTransferOnePacket@handle            cstackCOMRAM 000034
i2USBTransferOnePacket@len               cstackCOMRAM 00002E
i2_USBDeviceInit                         text44       0036CA
i2_USBTransferOnePacket                  text63       003BDC
i2_memset                                text56       003144
i2memset@c                               cstackCOMRAM 00002D
i2memset@dest                            cstackCOMRAM 00002B
i2memset@k                               cstackCOMRAM 000033
i2memset@n                               cstackCOMRAM 00002F
i2memset@s                               cstackCOMRAM 000035
int$flags                                temp         000054
intlevel0                                text         000000
intlevel1                                text         000000
intlevel2                                text         000000
intlevel3                                text         000000
isa$std                                  (abs)        000001
isa$xinst                                (abs)        000000
isupper@c                                cstackBANK0  000060
main@buffer                              dataBANK1    0001E2
main@data2                               cstackBANK2  000240
main@temperature                         cstackBANK2  000258
memcpy@d                                 cstackCOMRAM 000031
memcpy@d1                                cstackCOMRAM 00002B
memcpy@n                                 cstackCOMRAM 00002F
memcpy@s                                 cstackCOMRAM 000033
memcpy@s1                                cstackCOMRAM 00002D
memcpy@tmp                               cstackCOMRAM 000035
memset@c                                 cstackBANK0  000062
memset@dest                              cstackBANK0  000060
memset@k                                 cstackBANK0  000068
memset@n                                 cstackBANK0  000064
memset@s                                 cstackBANK0  00006A
pad@buf                                  cstackBANK0  000072
pad@fp                                   cstackBANK0  000070
pad@i                                    cstackBANK0  000077
pad@p                                    cstackBANK0  000074
pad@w                                    cstackBANK0  000079
putsUSBUSART@data                        cstackBANK0  000060
putsUSBUSART@len                         cstackBANK0  000064
putsUSBUSART@pData                       cstackBANK0  000062
spi_master_open@config                   cstackBANK0  000064
sprintf@ap                               cstackBANK1  0001E4
sprintf@f                                cstackBANK1  0001E6
sprintf@fmt                              cstackBANK0  0000E7
sprintf@s                                cstackBANK0  0000E5
stackhi                                  (abs)        000000
stacklo                                  (abs)        000000
start                                    init         00008C
start_initialization                     cinit        0051A4
strcpy@d                                 cstackBANK0  000068
strcpy@dest                              cstackBANK0  000060
strcpy@s                                 cstackBANK0  000066
strcpy@src                               cstackBANK0  000062
strlen@a                                 cstackBANK0  000062
strlen@s                                 cstackBANK0  000060
strncmp@_l                               cstackBANK0  000060
strncmp@_r                               cstackBANK0  000062
strncmp@l                                cstackBANK0  000067
strncmp@n                                cstackBANK0  000064
strncmp@r                                cstackBANK0  000069
tolower@c                                cstackBANK0  000066
ttemp5                                   temp         000055
ttemp6                                   temp         000058
ttemp7                                   temp         00005C
vfpfcnvrt@ap                             cstackBANK0  0000CF
vfpfcnvrt@c                              cstackBANK0  0000DC
vfpfcnvrt@ct                             cstackBANK0  0000D9
vfpfcnvrt@f                              cstackBANK0  0000D5
vfpfcnvrt@fmt                            cstackBANK0  0000CD
vfpfcnvrt@fp                             cstackBANK0  0000CB
vfprintf@ap                              cstackBANK0  0000E1
vfprintf@cfmt                            cstackBANK0  0000E3
vfprintf@fmt                             cstackBANK0  0000DF
vfprintf@fp                              cstackBANK0  0000DD
wtemp8                                   temp         000055


MODULE INFORMATION

Module		Function		Class		Link	Load	Size
/Applications/microchip/xc8/v2.35/pic/sources/c99/common/fleq.c
		___fleq        		CODE           	4C7E	0000	172

/Applications/microchip/xc8/v2.35/pic/sources/c99/common/fleq.c estimated size: 172

/Applications/microchip/xc8/v2.35/pic/sources/c99/common/nf_fputs.c
		_fputs         		CODE           	5448	0000	72

/Applications/microchip/xc8/v2.35/pic/sources/c99/common/nf_fputs.c estimated size: 72

/Applications/microchip/xc8/v2.35/pic/sources/c99/common/strncmp.c
		_strncmp       		CODE           	4732	0000	216

/Applications/microchip/xc8/v2.35/pic/sources/c99/common/strncmp.c estimated size: 216

/Applications/microchip/xc8/v2.35/pic/sources/c99/common/tolower.c
		_tolower       		CODE           	5400	0000	72

/Applications/microchip/xc8/v2.35/pic/sources/c99/common/tolower.c estimated size: 72

/Applications/microchip/xc8/v2.35/pic/sources/c99/common/sprcmul.c
		___flmul       		CODE           	19D0	0000	1068

/Applications/microchip/xc8/v2.35/pic/sources/c99/common/sprcmul.c estimated size: 1068

/Applications/microchip/xc8/v2.35/pic/sources/c99/common/doprnt.c
		_vfpfcnvrt     		CODE           	24EC	0000	822
		_efgtoa        		CODE           	08F8	0000	3094
		_pad           		CODE           	48D6	0000	202
		_vfprintf      		CODE           	5076	0000	106

/Applications/microchip/xc8/v2.35/pic/sources/c99/common/doprnt.c estimated size: 4224

/Applications/microchip/xc8/v2.35/pic/sources/c99/common/awdiv.c
		___awdiv       		CODE           	49A0	0000	198

/Applications/microchip/xc8/v2.35/pic/sources/c99/common/awdiv.c estimated size: 198

/Applications/microchip/xc8/v2.35/pic/sources/c99/common/sprcdiv.c
		___fldiv       		CODE           	1DFC	0000	924

/Applications/microchip/xc8/v2.35/pic/sources/c99/common/sprcdiv.c estimated size: 924

/Applications/microchip/xc8/v2.35/pic/sources/c99/common/memcpy.c
		_memcpy        		CODE           	5364	0000	80

/Applications/microchip/xc8/v2.35/pic/sources/c99/common/memcpy.c estimated size: 80

mcc_generated_files/interrupt_manager.c
		_INTERRUPT_Initialize		CODE           	5714	0000	4
		_INTERRUPT_InterruptManager		CODE           	0008	0000	132

mcc_generated_files/interrupt_manager.c estimated size: 136

/Applications/microchip/xc8/v2.35/pic/sources/c99/common/__fpclassifyf.c
		___fpclassifyf 		CODE           	445C	0000	256

/Applications/microchip/xc8/v2.35/pic/sources/c99/common/__fpclassifyf.c estimated size: 256

/Applications/microchip/xc8/v2.35/pic/sources/c99/common/flneg.c
		___flneg       		CODE           	5610	0000	58

/Applications/microchip/xc8/v2.35/pic/sources/c99/common/flneg.c estimated size: 58

mcc_generated_files/pin_manager.c
		_PIN_MANAGER_Initialize		CODE           	551A	0000	64

mcc_generated_files/pin_manager.c estimated size: 64

mcc_generated_files/spi1.c
		_SPI1_ExchangeBlock		CODE           	52BA	0000	88
		_SPI1_Open     		CODE           	4DD6	0000	160
		_SPI1_Initialize		CODE           	56FA	0000	18

mcc_generated_files/spi1.c estimated size: 266

mcc_generated_files/usb/usb_device_cdc.c
		_CDCTxService  		CODE           	2E18	0000	436
		_CDCInitEP     		CODE           	50E0	0000	100
		_putsUSBUSART  		CODE           	4F8E	0000	116
		_USBCheckCDCRequest		CODE           	435A	0000	258

mcc_generated_files/usb/usb_device_cdc.c estimated size: 910

/Applications/microchip/xc8/v2.35/pic/sources/c99/common/sprcadd.c
		___flsub       		CODE           	5490	0000	72
		___fladd       		CODE           	150E	0000	1218

/Applications/microchip/xc8/v2.35/pic/sources/c99/common/sprcadd.c estimated size: 1290

/Applications/microchip/xc8/v2.35/pic/sources/c99/common/nf_fputc.c
		_fputc         		CODE           	480A	0000	204

/Applications/microchip/xc8/v2.35/pic/sources/c99/common/nf_fputc.c estimated size: 204

/Applications/microchip/xc8/v2.35/pic/sources/c99/common/flge.c
		___flge        		CODE           	404E	0000	262

/Applications/microchip/xc8/v2.35/pic/sources/c99/common/flge.c estimated size: 262

/Applications/microchip/xc8/v2.35/pic/sources/c99/common/putch.c
		_putch         		CODE           	5718	0000	2

/Applications/microchip/xc8/v2.35/pic/sources/c99/common/putch.c estimated size: 2

mcc_generated_files/drivers/spi_master.c
		_spi_master_open		CODE           	559A	0000	60
		_MASTER0_open  		CODE           	570C	0000	8

mcc_generated_files/drivers/spi_master.c estimated size: 68

shared
		_configDescriptor1		SMALLCONST     	0825	0000	67
		_USB_CD_Ptr    		SMALLCONST     	0823	0000	2
		_sd001         		SMALLCONST     	0868	0000	52
		_sd002         		SMALLCONST     	089C	0000	26
		i2_USBDeviceInit		CODE           	36CA	0000	332
		__initialization		CODE           	51A4	0000	80
		_device_dsc    		SMALLCONST     	08B6	0000	18
		_USB_SD_Ptr    		SMALLCONST     	081D	0000	6
		i2_memset      		CODE           	3144	0000	374
		_sd000         		SMALLCONST     	08C8	0000	4
		_spiMaster     		SMALLCONST     	0801	0000	20
		_spi1_configuration		SMALLCONST     	0815	0000	8
		i2_USBTransferOnePacket		CODE           	3BDC	0000	318

shared estimated size: 1307

/Applications/microchip/xc8/v2.35/pic/sources/c99/common/xxtofl.c
		___xxtofl      		CODE           	2C60	0000	440

/Applications/microchip/xc8/v2.35/pic/sources/c99/common/xxtofl.c estimated size: 440

/Applications/microchip/xc8/v2.35/pic/sources/c99/common/nf_sprintf.c
		_sprintf       		CODE           	5260	0000	90

/Applications/microchip/xc8/v2.35/pic/sources/c99/common/nf_sprintf.c estimated size: 90

mcc_generated_files/usb/usb_device_events.c
		_USER_USB_CALLBACK_EVENT_HANDLER		CODE           	4F06	0000	136

mcc_generated_files/usb/usb_device_events.c estimated size: 136

mcc_generated_files/mcc.c
		_OSCILLATOR_Initialize		CODE           	56AE	0000	32
		_SYSTEM_Initialize		CODE           	56CE	0000	26

mcc_generated_files/mcc.c estimated size: 58

/Applications/microchip/xc8/v2.35/pic/sources/c99/common/strlen.c
		_strlen        		CODE           	5312	0000	82

/Applications/microchip/xc8/v2.35/pic/sources/c99/common/strlen.c estimated size: 82

/Applications/microchip/xc8/v2.35/pic/sources/c99/common/isupper.c
		_isupper       		CODE           	55D6	0000	58

/Applications/microchip/xc8/v2.35/pic/sources/c99/common/isupper.c estimated size: 58

/Applications/microchip/xc8/v2.35/pic/sources/c99/common/floorf.c
		_floorf        		CODE           	2A4A	0000	534

/Applications/microchip/xc8/v2.35/pic/sources/c99/common/floorf.c estimated size: 534

/Applications/microchip/xc8/v2.35/pic/sources/c99/common/strcpy.c
		_strcpy        		CODE           	5202	0000	94

/Applications/microchip/xc8/v2.35/pic/sources/c99/common/strcpy.c estimated size: 94

/Applications/microchip/xc8/v2.35/pic/sources/c99/common/memset.c
		_memset        		CODE           	2FCC	0000	376

/Applications/microchip/xc8/v2.35/pic/sources/c99/common/memset.c estimated size: 376

/Applications/microchip/xc8/v2.35/pic/sources/c99/common/awmod.c
		___awmod       		CODE           	4B1E	0000	178

/Applications/microchip/xc8/v2.35/pic/sources/c99/common/awmod.c estimated size: 178

main.c
		_main          		CODE           	32BA	0000	352

main.c estimated size: 352

mcc_generated_files/usb/usb_device.c
		_USBCtrlTrfInHandler		CODE           	4154	0000	260
		_USBTransferOnePacket		CODE           	3816	0000	322
		_USBDeviceAttach		CODE           	54D8	0000	66
		_USBStdGetDscHandler		CODE           	341A	0000	352
		_USBCtrlEPAllowDataStage		CODE           	4BD0	0000	174
		_USBStdFeatureReqHandler		CODE           	2198	0000	852
		_USBCtrlEPAllowStatusStage		CODE           	455C	0000	240
		_USBCtrlTrfSetupHandler		CODE           	4E76	0000	144
		_USBCtrlTrfOutHandler		CODE           	5002	0000	116
		_USBCtrlEPServiceComplete		CODE           	3958	0000	322
		_USBSuspend    		CODE           	5680	0000	46
		_USBStdSetCfgHandler		CODE           	464C	0000	230
		_USBStdGetStatusHandler		CODE           	4258	0000	258
		_USBWakeFromSuspend		CODE           	555A	0000	64
		_USBCtrlTrfRxService		CODE           	3A9A	0000	322
		_USBCtrlTrfTxService		CODE           	3E36	0000	272
		_USBEnableEndpoint		CODE           	53B4	0000	76
		_USBConfigureEndpoint		CODE           	4D2A	0000	172
		_USBDeviceInit 		CODE           	357A	0000	336
		_USBIncrement1msInternalTimers		CODE           	564A	0000	54
		_USBCtrlEPService		CODE           	4A66	0000	184
		_USBStallHandler		CODE           	5144	0000	96
		_USBDeviceTasks		CODE           	2822	0000	552
		_USBCheckStdRequest		CODE           	3D1A	0000	284

mcc_generated_files/usb/usb_device.c estimated size: 5794

/Applications/microchip/xc8/v2.35/pic/sources/c99/common/fltol.c
		___fltol       		CODE           	3F46	0000	264

/Applications/microchip/xc8/v2.35/pic/sources/c99/common/fltol.c estimated size: 264

